{
	"Streams": {
		"0": [
			[
				1082778.0,
				"Stream created: System",
				[],
				null
			],
			[
				1041264,
				"Stream was not finished properly — appended on next startup",
				[],
				null
			]
		],
		"1": [
			[
				1084137.0,
				"Stream created: StartProgram",
				[],
				null
			],
			[
				1085488.0,
				"_ready: Logger check passed",
				[],
				null
			],
			[
				1141487.0,
				"_fC_OnSoundSliderChanged_Ch",
				[
					"MusicVolume",
					82.0
				],
				null
			],
			[
				1141919.0,
				"_fC_OnSoundSliderChanged_Ch",
				[
					"InterfaceVolume",
					68.0
				],
				null
			],
			[
				1142205.0,
				"_fC_OnConfirmationToggle_Ch",
				[
					"ShowScreenChangeInfoPopup",
					true
				],
				null
			],
			[
				1142544.0,
				"_fC_OnConfirmationToggle_Ch",
				[
					"ShowScreenApplyConfirmPopup",
					true
				],
				null
			],
			[
				1143286.0,
				"_fC_RebuildLanguageList_Ch",
				[
					"",
					[
						"ru",
						"en",
						"de",
						"fr",
						"es"
					]
				],
				null
			],
			[
				1145246.0,
				"_ready: Interface check passed",
				[],
				null
			],
			[
				2455958.0,
				"_fC_OpenModal_Ch",
				[
					"Settings"
				],
				null
			],
			[
				3805907.0,
				"_fC_OnSettingsCategoryToggled_Ch",
				[
					"Screen"
				],
				null
			],
			[
				9939553.0,
				"_fC_OnFontScaleSubmitted_Ch",
				[
					2.0
				],
				null
			],
			[
				9947382.0,
				"_fC_RebuildLanguageList_Ch",
				[
					"",
					[
						"ru",
						"en",
						"de",
						"fr",
						"es"
					]
				],
				null
			],
			[
				9948191.0,
				"_fC_RescaleFonts_Ch",
				[
					96.0
				],
				null
			],
			[
				14855324.0,
				"_fC_OnFontScaleSubmitted_Ch",
				[
					3.0
				],
				null
			],
			[
				14862899.0,
				"_fC_RebuildLanguageList_Ch",
				[
					"",
					[
						"ru",
						"en",
						"de",
						"fr",
						"es"
					]
				],
				null
			],
			[
				14863704.0,
				"_fC_RescaleFonts_Ch",
				[
					96.0
				],
				null
			],
			[
				19805095.0,
				"_fC_OnFontScaleSubmitted_Ch",
				[
					2.0
				],
				null
			],
			[
				19811154.0,
				"_fC_RebuildLanguageList_Ch",
				[
					"",
					[
						"ru",
						"en",
						"de",
						"fr",
						"es"
					]
				],
				null
			],
			[
				19811880.0,
				"_fC_RescaleFonts_Ch",
				[
					96.0
				],
				null
			],
			[
				24272507.0,
				"_fC_OnFontScaleSubmitted_Ch",
				[
					2.0
				],
				null
			],
			[
				24278521.0,
				"_fC_RebuildLanguageList_Ch",
				[
					"",
					[
						"ru",
						"en",
						"de",
						"fr",
						"es"
					]
				],
				null
			],
			[
				24279913.0,
				"_fC_RescaleFonts_Ch",
				[
					96.0
				],
				null
			],
			[
				24338791.0,
				"_fC_OnPresetGroupToggled_Ch",
				[
					"ScreenPresetGroup4_3HBox",
					true
				],
				null
			],
			[
				24955317.0,
				"_fC_OnPresetGroupToggled_Ch",
				[
					"ScreenPresetGroup4_3HBox",
					false
				],
				null
			],
			[
				27604837.0,
				"_fC_OnFontScaleSubmitted_Ch",
				[
					1.0
				],
				null
			],
			[
				27610784.0,
				"_fC_RebuildLanguageList_Ch",
				[
					"",
					[
						"ru",
						"en",
						"de",
						"fr",
						"es"
					]
				],
				null
			],
			[
				27611522.0,
				"_fC_RescaleFonts_Ch",
				[
					96.0
				],
				null
			],
			[
				30855423.0,
				"_fC_CloseModal_Ch",
				[
					"Settings"
				],
				null
			],
			[
				30855491.0,
				"_fC_OnFontScaleSubmitted_Ch",
				[
					1.0
				],
				null
			],
			[
				30861192.0,
				"_fC_RebuildLanguageList_Ch",
				[
					"",
					[
						"ru",
						"en",
						"de",
						"fr",
						"es"
					]
				],
				null
			],
			[
				30861922.0,
				"_fC_RescaleFonts_Ch",
				[
					96.0
				],
				null
			],
			[
				97786191.0,
				"_fC_OpenModal_Ch",
				[
					"Settings"
				],
				null
			],
			[
				101302716.0,
				"_fC_OnPresetGroupToggled_Ch",
				[
					"ScreenPresetGroupV17_9HBox",
					true
				],
				null
			],
			[
				102669233.0,
				"_fC_OnPresetGroupToggled_Ch",
				[
					"ScreenPresetGroupV17_9HBox",
					false
				],
				null
			],
			[
				129401746.0,
				"_fC_OnSettingsCategoryToggled_Ch",
				[
					"Confirmations"
				],
				null
			],
			[
				132668382.0,
				"_fC_OnConfirmationToggle_Ch",
				[
					"ShowScreenApplyConfirmPopup",
					false
				],
				null
			],
			[
				133185013.0,
				"_fC_OnConfirmationToggle_Ch",
				[
					"ShowScreenApplyConfirmPopup",
					true
				],
				null
			],
			[
				134168267.0,
				"_fC_OnConfirmationToggle_Ch",
				[
					"ShowScreenChangeInfoPopup",
					false
				],
				null
			],
			[
				134834898.0,
				"_fC_OnConfirmationToggle_Ch",
				[
					"ShowScreenChangeInfoPopup",
					true
				],
				null
			],
			[
				140767876.0,
				"_fC_OnAutoClickProtectionSubmitted_Ch",
				[
					60.0
				],
				null
			],
			[
				143551342.0,
				"_fC_OnAutoClickProtectionSubmitted_Ch",
				[
					60.0
				],
				null
			],
			[
				143634622.0,
				"_fC_OnSettingsCategoryToggled_Ch",
				[
					"Screen"
				],
				null
			],
			[
				145917870.0,
				"_fC_OnPresetGroupToggled_Ch",
				[
					"ScreenPresetGroup16_9HBox",
					true
				],
				null
			],
			[
				147817922.0,
				"_fC_OnScreenPresetPressed_Ch: preset chosen",
				[
					1280.0,
					720.0
				],
				null
			],
			[
				147817929.0,
				"_fC_QueueScreenSizeChange_Ch",
				[
					1280.0,
					720.0
				],
				null
			],
			[
				149034377.0,
				"_fC_OnScreenInfoOkPressed_Ch",
				[],
				null
			],
			[
				150067880.0,
				"_fC_OnScreenPresetPressed_Ch: preset chosen",
				[
					1280.0,
					720.0
				],
				null
			],
			[
				150067887.0,
				"_fC_QueueScreenSizeChange_Ch",
				[
					1280.0,
					720.0
				],
				null
			],
			[
				161167346.0,
				"_fC_OnScreenInfoOkPressed_Ch",
				[],
				null
			],
			[
				162517473.0,
				"_fC_OnScreenPresetPressed_Ch: preset chosen",
				[
					1280.0,
					720.0
				],
				null
			],
			[
				162517480.0,
				"_fC_QueueScreenSizeChange_Ch",
				[
					1280.0,
					720.0
				],
				null
			],
			[
				185733164.0,
				"_fC_OnScreenInfoOkPressed_Ch",
				[],
				null
			],
			[
				187633134.0,
				"_fC_CommitScreenSizeChange_Ch",
				[
					1280.0,
					720.0,
					false
				],
				null
			],
			[
				187633142.0,
				"_fC_ApplyScreenSize_Ch: applying",
				[
					1280.0,
					720.0,
					false
				],
				null
			],
			[
				187636114.0,
				"_fC_CloseModal_Ch",
				[
					"Settings"
				],
				null
			],
			[
				240131379.0,
				"_fC_OpenModal_Ch",
				[
					"Settings"
				],
				null
			],
			[
				242864639.0,
				"_fC_OnScreenPresetPressed_Ch: preset chosen",
				[
					1280.0,
					720.0
				],
				null
			],
			[
				242864646.0,
				"_fC_QueueScreenSizeChange_Ch",
				[
					1280.0,
					720.0
				],
				null
			],
			[
				246280899.0,
				"_fC_OnScreenInfoOkPressed_Ch",
				[],
				null
			],
			[
				248564330.0,
				"_fC_CommitScreenSizeChange_Ch",
				[
					1280.0,
					720.0,
					false
				],
				null
			],
			[
				248564339.0,
				"_fC_ApplyScreenSize_Ch: applying",
				[
					1280.0,
					720.0,
					false
				],
				null
			],
			[
				1041275,
				"Stream was not finished properly — appended on next startup",
				[],
				null
			]
		]
	}
}