{
	"Streams": {
		"0": [
			[
				1096869.0,
				"Stream created: System",
				[],
				null
			],
			[
				1785779,
				"Stream was not finished properly — appended on next startup",
				[],
				null
			]
		],
		"1": [
			[
				1097649.0,
				"Stream created: StartProgram",
				[],
				null
			],
			[
				1105353.0,
				"_ready: Logger check passed",
				[],
				null
			],
			[
				1157824.0,
				"_fC_OnSoundSliderChanged_Ch",
				[
					"MusicVolume",
					82.0
				],
				null
			],
			[
				1157841.0,
				"_fC_OnSoundSliderChanged_Ch",
				[
					"InterfaceVolume",
					68.0
				],
				null
			],
			[
				1157853.0,
				"_fC_OnConfirmationToggle_Ch",
				[
					"ShowScreenChangeInfoPopup",
					true
				],
				null
			],
			[
				1158415.0,
				"_fC_OnConfirmationToggle_Ch",
				[
					"ShowScreenApplyConfirmPopup",
					true
				],
				null
			],
			[
				1158758.0,
				"_fC_OnConfirmationToggle_Ch",
				[
					"ShowLoggerRestartInfoPopup",
					true
				],
				null
			],
			[
				1159379.0,
				"_fC_RebuildLanguageList_Ch",
				[
					"",
					[
						"ru",
						"en",
						"de",
						"fr",
						"es"
					]
				],
				null
			],
			[
				1161273.0,
				"_ready: Interface check passed",
				[],
				null
			],
			[
				2591513.0,
				"_fC_OpenModal_Ch",
				[
					"Settings"
				],
				null
			],
			[
				4124792.0,
				"_fC_OnSettingsCategoryToggled_Ch",
				[
					"Logger"
				],
				null
			],
			[
				9224582.0,
				"_fC_OnLoggerLimitToggled_Ch",
				[
					"LogMaxSizeEnabled",
					false
				],
				null
			],
			[
				10807887.0,
				"_fC_OnLoggerInfoOkPressed_Ch",
				[],
				null
			],
			[
				11457925.0,
				"_fC_OnLoggerLimitToggled_Ch",
				[
					"LogMaxSizeEnabled",
					true
				],
				null
			],
			[
				12924539.0,
				"_fC_OnLoggerInfoOkPressed_Ch",
				[],
				null
			],
			[
				14291203.0,
				"_fC_OnSettingsCategoryToggled_Ch",
				[
					"Confirmations"
				],
				null
			],
			[
				15924427.0,
				"_fC_OnConfirmationToggle_Ch",
				[
					"ShowLoggerRestartInfoPopup",
					false
				],
				null
			],
			[
				19024337.0,
				"_fC_OnSettingsCategoryToggled_Ch",
				[
					"Logger"
				],
				null
			],
			[
				19974268.0,
				"_fC_OnLoggerLimitToggled_Ch",
				[
					"LogMaxSizeEnabled",
					false
				],
				null
			],
			[
				20907551.0,
				"_fC_OnLoggerLimitToggled_Ch",
				[
					"LogMaxSizeEnabled",
					true
				],
				null
			],
			[
				21674167.0,
				"_fC_OnSettingsCategoryToggled_Ch",
				[
					"Confirmations"
				],
				null
			],
			[
				22274156.0,
				"_fC_OnConfirmationToggle_Ch",
				[
					"ShowLoggerRestartInfoPopup",
					true
				],
				null
			],
			[
				23074163.0,
				"_fC_OnSettingsCategoryToggled_Ch",
				[
					"Logger"
				],
				null
			],
			[
				23674245.0,
				"_fC_OnLoggerLimitToggled_Ch",
				[
					"LogMaxSizeEnabled",
					false
				],
				null
			],
			[
				24557493.0,
				"_fC_OnLoggerInfoDontShowToggled_Ch",
				[
					true
				],
				null
			],
			[
				24558014.0,
				"_fC_OnConfirmationToggle_Ch",
				[
					"ShowLoggerRestartInfoPopup",
					false
				],
				null
			],
			[
				25374073.0,
				"_fC_OnLoggerInfoOkPressed_Ch",
				[],
				null
			],
			[
				26090726.0,
				"_fC_OnSettingsCategoryToggled_Ch",
				[
					"Confirmations"
				],
				null
			],
			[
				27657425.0,
				"_fC_OnConfirmationToggle_Ch",
				[
					"ShowLoggerRestartInfoPopup",
					true
				],
				null
			],
			[
				31473758.0,
				"_fC_OnAutoClickProtectionSubmitted_Ch",
				[
					10.0
				],
				null
			],
			[
				33873895.0,
				"_fC_OnAutoClickProtectionSubmitted_Ch",
				[
					10.0
				],
				null
			],
			[
				1786384,
				"Stream was not finished properly — appended on next startup",
				[],
				null
			]
		]
	}
}