{
	"Streams": {
		"0": [
			[
				1127035.0,
				"Stream created: System",
				[],
				null
			],
			[
				1088123,
				"Stream was not finished properly — appended on next startup",
				[],
				null
			]
		],
		"1": [
			[
				1127816.0,
				"Stream created: StartProgram",
				[],
				null
			],
			[
				1128618.0,
				"_ready: Logger check passed",
				[],
				null
			],
			[
				1181111.0,
				"_fC_OnSoundSliderChanged_Ch",
				[
					"MusicVolume",
					82.0
				],
				null
			],
			[
				1181520.0,
				"_fC_OnSoundSliderChanged_Ch",
				[
					"InterfaceVolume",
					68.0
				],
				null
			],
			[
				1181780.0,
				"_fC_OnConfirmationToggle_Ch",
				[
					"ShowScreenChangeInfoPopup",
					true
				],
				null
			],
			[
				1182072.0,
				"_fC_OnConfirmationToggle_Ch",
				[
					"ShowScreenApplyConfirmPopup",
					true
				],
				null
			],
			[
				1182859.0,
				"_fC_RebuildLanguageList_Ch",
				[
					"",
					[
						"ru",
						"en",
						"de",
						"fr",
						"es"
					]
				],
				null
			],
			[
				1184445.0,
				"_ready: Interface check passed",
				[],
				null
			],
			[
				2545092.0,
				"_fC_OpenModal_Ch",
				[
					"Settings"
				],
				null
			],
			[
				4594989.0,
				"_fC_OnSettingsCategoryToggled_Ch",
				[
					"Confirmations"
				],
				null
			],
			[
				4994957.0,
				"_fC_OnSettingsCategoryToggled_Ch",
				[
					"Sound"
				],
				null
			],
			[
				5511647.0,
				"_fC_OnSettingsCategoryToggled_Ch",
				[
					"Confirmations"
				],
				null
			],
			[
				12477960.0,
				"_fC_OnAutoClickDodgeLimitSubmitted_Ch",
				[
					10.0
				],
				null
			],
			[
				14044725.0,
				"_fC_OnAutoClickDodgeLimitSubmitted_Ch",
				[
					10.0
				],
				null
			],
			[
				14161383.0,
				"_fC_CloseModal_Ch",
				[
					"Settings"
				],
				null
			],
			[
				25810968.0,
				"_fC_OpenModal_Ch",
				[
					"Settings"
				],
				null
			],
			[
				26960787.0,
				"_fC_CloseModal_Ch",
				[
					"Settings"
				],
				null
			],
			[
				27377473.0,
				"_fC_OpenModal_Ch",
				[
					"Settings"
				],
				null
			],
			[
				27710829.0,
				"_fC_CloseModal_Ch",
				[
					"Settings"
				],
				null
			],
			[
				28727534.0,
				"_fC_OpenModal_Ch",
				[
					"Settings"
				],
				null
			],
			[
				29494457.0,
				"_fC_OnSettingsCategoryToggled_Ch",
				[
					"Screen"
				],
				null
			],
			[
				31494114.0,
				"_fC_OnPresetGroupToggled_Ch",
				[
					"ScreenPresetGroup16_10HBox",
					true
				],
				null
			],
			[
				31894058.0,
				"_fC_OnPresetGroupToggled_Ch",
				[
					"ScreenPresetGroup16_10HBox",
					false
				],
				null
			],
			[
				32427393.0,
				"_fC_OnPresetGroupToggled_Ch",
				[
					"ScreenPresetGroup16_10HBox",
					true
				],
				null
			],
			[
				32977391.0,
				"_fC_OnPresetGroupToggled_Ch",
				[
					"ScreenPresetGroup16_10HBox",
					false
				],
				null
			],
			[
				33427350.0,
				"_fC_OnPresetGroupToggled_Ch",
				[
					"ScreenPresetGroup16_9HBox",
					true
				],
				null
			],
			[
				34910756.0,
				"_fC_OnScreenPresetPressed_Ch: preset chosen",
				[
					1280.0,
					720.0
				],
				null
			],
			[
				34910764.0,
				"_fC_QueueScreenSizeChange_Ch",
				[
					1280.0,
					720.0
				],
				null
			],
			[
				36544204.0,
				"_fC_OnScreenInfoOkPressed_Ch",
				[],
				null
			],
			[
				39494908.0,
				"_fC_OnScreenApplyButtonPressed_Ch: too fast, dodged",
				[
					1.0,
					10.0
				],
				null
			],
			[
				40027136.0,
				"_fC_OnScreenApplyButtonPressed_Ch: too fast, dodged",
				[
					2.0,
					10.0
				],
				null
			],
			[
				40710592.0,
				"_fC_OnScreenApplyButtonPressed_Ch: too fast, dodged",
				[
					3.0,
					10.0
				],
				null
			],
			[
				41393735.0,
				"_fC_OnScreenApplyButtonPressed_Ch: too fast, dodged",
				[
					4.0,
					10.0
				],
				null
			],
			[
				42043768.0,
				"_fC_OnScreenApplyButtonPressed_Ch: too fast, dodged",
				[
					5.0,
					10.0
				],
				null
			],
			[
				43743698.0,
				"_fC_OnScreenApplyButtonPressed_Ch: too fast, dodged",
				[
					6.0,
					10.0
				],
				null
			],
			[
				44127010.0,
				"_fC_OnScreenApplyButtonPressed_Ch: too fast, dodged",
				[
					7.0,
					10.0
				],
				null
			],
			[
				44660309.0,
				"_fC_OnScreenApplyButtonPressed_Ch: too fast, dodged",
				[
					8.0,
					10.0
				],
				null
			],
			[
				45110359.0,
				"_fC_OnScreenApplyButtonPressed_Ch: too fast, dodged",
				[
					9.0,
					10.0
				],
				null
			],
			[
				45793680.0,
				"_fC_OnScreenApplyButtonPressed_Ch: too fast, dodged",
				[
					10.0,
					10.0
				],
				null
			],
			[
				46443595.0,
				"_fC_CommitScreenSizeChange_Ch",
				[
					1280.0,
					720.0,
					false
				],
				null
			],
			[
				46443605.0,
				"_fC_ApplyScreenSize_Ch: applying",
				[
					1280.0,
					720.0,
					false
				],
				null
			],
			[
				46446743.0,
				"_fC_CloseModal_Ch",
				[
					"Settings"
				],
				null
			],
			[
				48143497.0,
				"_fC_OpenModal_Ch",
				[
					"Settings"
				],
				null
			],
			[
				49493597.0,
				"_fC_OnScreenPresetPressed_Ch: preset chosen",
				[
					1280.0,
					720.0
				],
				null
			],
			[
				49493604.0,
				"_fC_QueueScreenSizeChange_Ch",
				[
					1280.0,
					720.0
				],
				null
			],
			[
				50376732.0,
				"_fC_OnScreenInfoOkPressed_Ch",
				[],
				null
			],
			[
				52493772.0,
				"_fC_OnScreenApplyButtonPressed_Ch: too fast, dodged",
				[
					1.0,
					10.0
				],
				null
			],
			[
				52877148.0,
				"_fC_OnScreenApplyButtonPressed_Ch: too fast, dodged",
				[
					2.0,
					10.0
				],
				null
			],
			[
				53743374.0,
				"_fC_OnScreenApplyButtonPressed_Ch: too fast, dodged",
				[
					3.0,
					10.0
				],
				null
			],
			[
				54393336.0,
				"_fC_OnScreenApplyButtonPressed_Ch: too fast, dodged",
				[
					4.0,
					10.0
				],
				null
			],
			[
				55076715.0,
				"_fC_OnScreenApplyButtonPressed_Ch: too fast, dodged",
				[
					5.0,
					10.0
				],
				null
			],
			[
				1088135,
				"Stream was not finished properly — appended on next startup",
				[],
				null
			]
		]
	}
}