{
	"Streams": {
		"0": [
			[
				1203479,
				"Stream created: System",
				[],
				null
			]
		],
		"1": [
			[
				1204272,
				"Stream created: StartProgram",
				[],
				null
			],
			[
				1205010,
				"_ready: Logger check passed",
				[],
				null
			],
			[
				1268355,
				"_fC_OnSoundSliderChanged_Ch",
				[
					"MusicVolume",
					82
				],
				null
			],
			[
				1268372,
				"_fC_OnSoundSliderChanged_Ch",
				[
					"InterfaceVolume",
					68
				],
				null
			],
			[
				1268598,
				"_fC_RebuildLanguageList_Ch",
				[
					"",
					[
						"ru",
						"en",
						"de",
						"fr",
						"es"
					]
				],
				null
			],
			[
				1270267,
				"_ready: Interface check passed",
				[],
				null
			],
			[
				20966673,
				"AccountPicker: выбран Пользователь1",
				[],
				null
			],
			[
				20966714,
				"_fC_StartClientConnection_Ch: подключаемся",
				[
					"ws://127.0.0.1:9050",
					"user1"
				],
				null
			],
			[
				45660302,
				"_fC_RebuildLanguageList_Ch",
				[
					"",
					[
						"ru",
						"en",
						"de",
						"fr",
						"es"
					]
				],
				null
			],
			[
				45661072,
				"_fC_RescaleFonts_Ch",
				[
					137
				],
				null
			],
			[
				45677745,
				"_fC_RebuildLanguageList_Ch",
				[
					"",
					[
						"ru",
						"en",
						"de",
						"fr",
						"es"
					]
				],
				null
			],
			[
				45679030,
				"_fC_RescaleFonts_Ch",
				[
					137
				],
				null
			],
			[
				45696245,
				"_fC_RebuildLanguageList_Ch",
				[
					"",
					[
						"ru",
						"en",
						"de",
						"fr",
						"es"
					]
				],
				null
			],
			[
				45697024,
				"_fC_RescaleFonts_Ch",
				[
					137
				],
				null
			],
			[
				45715721,
				"_fC_RebuildLanguageList_Ch",
				[
					"",
					[
						"ru",
						"en",
						"de",
						"fr",
						"es"
					]
				],
				null
			],
			[
				45716519,
				"_fC_RescaleFonts_Ch",
				[
					137
				],
				null
			],
			[
				45732037,
				"_fC_RebuildLanguageList_Ch",
				[
					"",
					[
						"ru",
						"en",
						"de",
						"fr",
						"es"
					]
				],
				null
			],
			[
				45732848,
				"_fC_RescaleFonts_Ch",
				[
					137
				],
				null
			],
			[
				45747836,
				"_fC_RebuildLanguageList_Ch",
				[
					"",
					[
						"ru",
						"en",
						"de",
						"fr",
						"es"
					]
				],
				null
			],
			[
				45748895,
				"_fC_RescaleFonts_Ch",
				[
					137
				],
				null
			],
			[
				45853295,
				"_fC_RebuildLanguageList_Ch",
				[
					"",
					[
						"ru",
						"en",
						"de",
						"fr",
						"es"
					]
				],
				null
			]
		]
	}
}