{
	"Streams": {
		"0": [
			[
				1146507.0,
				"Stream created: System",
				[],
				null
			],
			[
				1154601.0,
				"Stream created: System",
				[],
				null
			],
			[
				1096506,
				"Stream was not finished properly — appended on next startup",
				[],
				null
			]
		],
		"1": [
			[
				1147341.0,
				"Stream created: StartProgram",
				[],
				null
			],
			[
				1164916.0,
				"Stream created: StartProgram",
				[],
				null
			],
			[
				1096518,
				"Stream was not finished properly — appended on next startup",
				[],
				null
			]
		]
	}
}