{
	"Streams": {
		"0": [
			[
				1051948.0,
				"Stream created: System",
				[],
				null
			],
			[
				1113106,
				"Stream was not finished properly — appended on next startup",
				[],
				null
			]
		],
		"1": [
			[
				1052816.0,
				"Stream created: StartProgram",
				[],
				null
			],
			[
				1060749.0,
				"_ready: Logger check passed",
				[],
				null
			],
			[
				1105624.0,
				"_fC_OnSoundSliderChanged_Ch",
				[
					"MusicVolume",
					82.0
				],
				null
			],
			[
				1106090.0,
				"_fC_OnSoundSliderChanged_Ch",
				[
					"InterfaceVolume",
					68.0
				],
				null
			],
			[
				1106374.0,
				"_fC_OnConfirmationToggle_Ch",
				[
					"ShowScreenChangeInfoPopup",
					true
				],
				null
			],
			[
				1106660.0,
				"_fC_OnConfirmationToggle_Ch",
				[
					"ShowScreenApplyConfirmPopup",
					true
				],
				null
			],
			[
				1107076.0,
				"_fC_RebuildLanguageList_Ch",
				[
					"",
					[
						"ru",
						"en",
						"de",
						"fr",
						"es"
					]
				],
				null
			],
			[
				1109171.0,
				"_ready: Interface check passed",
				[],
				null
			],
			[
				2016140.0,
				"_fC_OpenModal_Ch",
				[
					"Settings"
				],
				null
			],
			[
				3416256.0,
				"_fC_OnSettingsCategoryToggled_Ch",
				[
					"Sound"
				],
				null
			],
			[
				4099485.0,
				"_fC_OnSettingsCategoryToggled_Ch",
				[
					"Screen"
				],
				null
			],
			[
				12132587.0,
				"_fC_OnSettingsCategoryToggled_Ch",
				[
					"Sound"
				],
				null
			],
			[
				12699325.0,
				"_fC_OnSettingsCategoryToggled_Ch",
				[
					"Confirmations"
				],
				null
			],
			[
				12965863.0,
				"_fC_OnSettingsCategoryToggled_Ch",
				[
					"Confirmations"
				],
				null
			],
			[
				15099215.0,
				"_fC_OnConfirmSourceToggled_Ch",
				[
					"Training"
				],
				null
			],
			[
				15765692.0,
				"_fC_OnConfirmSourceToggled_Ch",
				[
					"Settings"
				],
				null
			],
			[
				18265718.0,
				"_fC_OnSettingsCategoryToggled_Ch",
				[
					"Language"
				],
				null
			],
			[
				19082254.0,
				"_fC_OnSettingsCategoryToggled_Ch",
				[
					"Sound"
				],
				null
			],
			[
				19982294.0,
				"_fC_OnSettingsCategoryToggled_Ch",
				[
					"Screen"
				],
				null
			],
			[
				29581974.0,
				"_fC_OnPresetGroupToggled_Ch",
				[
					"ScreenPresetGroupV4_3HBox",
					true
				],
				null
			],
			[
				30215248.0,
				"_fC_OnPresetGroupToggled_Ch",
				[
					"ScreenPresetGroupV4_3HBox",
					false
				],
				null
			],
			[
				31398569.0,
				"_fC_OnPresetGroupToggled_Ch",
				[
					"ScreenPresetGroupV16_10HBox",
					true
				],
				null
			],
			[
				32231866.0,
				"_fC_OnPresetGroupToggled_Ch",
				[
					"ScreenPresetGroupV16_10HBox",
					false
				],
				null
			],
			[
				33015193.0,
				"_fC_OnPresetGroupToggled_Ch",
				[
					"ScreenPresetGroupV16_9HBox",
					true
				],
				null
			],
			[
				34565248.0,
				"_fC_OnScreenPresetPressed_Ch: preset chosen",
				[
					720.0,
					1280.0
				],
				null
			],
			[
				34565256.0,
				"_fC_QueueScreenSizeChange_Ch",
				[
					720.0,
					1280.0
				],
				null
			],
			[
				37531763.0,
				"_fC_OnScreenInfoOkPressed_Ch",
				[],
				null
			],
			[
				41649228.0,
				"_fC_OnScreenApplyButtonPressed_Ch: too fast, dodged",
				[
					1.0,
					1.0
				],
				null
			],
			[
				42498227.0,
				"_fC_CommitScreenSizeChange_Ch",
				[
					720.0,
					1280.0,
					false
				],
				null
			],
			[
				42498234.0,
				"_fC_ApplyScreenSize_Ch: applying",
				[
					720.0,
					1280.0,
					false
				],
				null
			],
			[
				42500299.0,
				"_fC_CloseModal_Ch",
				[
					"Settings"
				],
				null
			],
			[
				42511771.0,
				"_fC_RebuildLanguageList_Ch",
				[
					"",
					[
						"ru",
						"en",
						"de",
						"fr",
						"es"
					]
				],
				null
			],
			[
				42512612.0,
				"_fC_RescaleFonts_Ch",
				[
					100.0
				],
				null
			],
			[
				45220937.0,
				"_fC_RebuildLanguageList_Ch",
				[
					"",
					[
						"ru",
						"en",
						"de",
						"fr",
						"es"
					]
				],
				null
			],
			[
				45221697.0,
				"_fC_RescaleFonts_Ch",
				[
					100.0
				],
				null
			],
			[
				47441447.0,
				"_fC_RebuildLanguageList_Ch",
				[
					"",
					[
						"ru",
						"en",
						"de",
						"fr",
						"es"
					]
				],
				null
			],
			[
				47442203.0,
				"_fC_RescaleFonts_Ch",
				[
					100.0
				],
				null
			],
			[
				49214690.0,
				"_fC_OpenModal_Ch",
				[
					"Settings"
				],
				null
			],
			[
				52064539.0,
				"_fC_OnSettingsCategoryToggled_Ch",
				[
					"Sound"
				],
				null
			],
			[
				53164479.0,
				"_fC_OnSettingsCategoryToggled_Ch",
				[
					"Confirmations"
				],
				null
			],
			[
				54181070.0,
				"_fC_OnSettingsCategoryToggled_Ch",
				[
					"Language"
				],
				null
			],
			[
				54997726.0,
				"_fC_OnSettingsCategoryToggled_Ch",
				[
					"Screen"
				],
				null
			],
			[
				59730955.0,
				"_fC_OnPresetGroupToggled_Ch",
				[
					"ScreenPresetGroup16_9HBox",
					true
				],
				null
			],
			[
				60764433.0,
				"_fC_OnScreenPresetPressed_Ch: preset chosen",
				[
					1280.0,
					720.0
				],
				null
			],
			[
				60764440.0,
				"_fC_QueueScreenSizeChange_Ch",
				[
					1280.0,
					720.0
				],
				null
			],
			[
				62314177.0,
				"_fC_OnScreenInfoOkPressed_Ch",
				[],
				null
			],
			[
				66714038.0,
				"_fC_OnScreenApplyButtonPressed_Ch: too fast, dodged",
				[
					1.0,
					1.0
				],
				null
			],
			[
				67463979.0,
				"_fC_CommitScreenSizeChange_Ch",
				[
					1280.0,
					720.0,
					false
				],
				null
			],
			[
				67463987.0,
				"_fC_ApplyScreenSize_Ch: applying",
				[
					1280.0,
					720.0,
					false
				],
				null
			],
			[
				67465965.0,
				"_fC_CloseModal_Ch",
				[
					"Settings"
				],
				null
			],
			[
				67475266.0,
				"_fC_RebuildLanguageList_Ch",
				[
					"",
					[
						"ru",
						"en",
						"de",
						"fr",
						"es"
					]
				],
				null
			],
			[
				1114006,
				"Stream was not finished properly — appended on next startup",
				[],
				null
			]
		]
	}
}