{
	"Streams": {
		"0": [
			[
				1233059.0,
				"Stream created: System",
				[],
				null
			],
			[
				1305875.0,
				"Stream was not finished properly — appended on next startup",
				[],
				null
			],
			[
				1317082,
				"Stream was not finished properly — appended on next startup",
				[],
				null
			]
		],
		"1": [
			[
				1234370.0,
				"Stream created: StartProgram",
				[],
				null
			],
			[
				1243443.0,
				"_ready: Logger check passed",
				[],
				null
			],
			[
				1309116.0,
				"_fC_OnSoundSliderChanged_Ch",
				[
					"MusicVolume",
					82.0
				],
				null
			],
			[
				1309132.0,
				"_fC_OnSoundSliderChanged_Ch",
				[
					"InterfaceVolume",
					68.0
				],
				null
			],
			[
				1309489.0,
				"_fC_RebuildLanguageList_Ch",
				[
					"",
					[
						"ru",
						"en",
						"de",
						"fr",
						"es"
					]
				],
				null
			],
			[
				1311257.0,
				"_ready: Interface check passed",
				[],
				null
			],
			[
				2960497.0,
				"AccountPicker: выбран Пользователь1",
				[],
				null
			],
			[
				2960547.0,
				"_fC_StartClientConnection_Ch: подключаемся",
				[
					"ws://127.0.0.1:9050",
					"user1"
				],
				null
			],
			[
				21709356.0,
				"_fC_OnRetryConnectionPressed_Ch: повторная попытка подключения",
				[],
				null
			],
			[
				21709526.0,
				"_fC_StartClientConnection_Ch: подключаемся",
				[
					"ws://127.0.0.1:9050",
					"user1"
				],
				null
			],
			[
				25949973.0,
				"_fC_RebuildLanguageList_Ch",
				[
					"",
					[
						"ru",
						"en",
						"de",
						"fr",
						"es"
					]
				],
				null
			],
			[
				25951472.0,
				"_fC_RescaleFonts_Ch",
				[
					138.0
				],
				null
			],
			[
				25970687.0,
				"_fC_RebuildLanguageList_Ch",
				[
					"",
					[
						"ru",
						"en",
						"de",
						"fr",
						"es"
					]
				],
				null
			],
			[
				25971482.0,
				"_fC_RescaleFonts_Ch",
				[
					138.0
				],
				null
			],
			[
				25987739.0,
				"_fC_RebuildLanguageList_Ch",
				[
					"",
					[
						"ru",
						"en",
						"de",
						"fr",
						"es"
					]
				],
				null
			],
			[
				25988513.0,
				"_fC_RescaleFonts_Ch",
				[
					138.0
				],
				null
			],
			[
				26012162.0,
				"_fC_RebuildLanguageList_Ch",
				[
					"",
					[
						"ru",
						"en",
						"de",
						"fr",
						"es"
					]
				],
				null
			],
			[
				26012935.0,
				"_fC_RescaleFonts_Ch",
				[
					138.0
				],
				null
			],
			[
				26031193.0,
				"_fC_RebuildLanguageList_Ch",
				[
					"",
					[
						"ru",
						"en",
						"de",
						"fr",
						"es"
					]
				],
				null
			],
			[
				26031945.0,
				"_fC_RescaleFonts_Ch",
				[
					138.0
				],
				null
			],
			[
				26048414.0,
				"_fC_RebuildLanguageList_Ch",
				[
					"",
					[
						"ru",
						"en",
						"de",
						"fr",
						"es"
					]
				],
				null
			],
			[
				26049907.0,
				"_fC_RescaleFonts_Ch",
				[
					138.0
				],
				null
			],
			[
				26066395.0,
				"_fC_RebuildLanguageList_Ch",
				[
					"",
					[
						"ru",
						"en",
						"de",
						"fr",
						"es"
					]
				],
				null
			],
			[
				26067150.0,
				"_fC_RescaleFonts_Ch",
				[
					138.0
				],
				null
			],
			[
				26084081.0,
				"_fC_RebuildLanguageList_Ch",
				[
					"",
					[
						"ru",
						"en",
						"de",
						"fr",
						"es"
					]
				],
				null
			],
			[
				26084926.0,
				"_fC_RescaleFonts_Ch",
				[
					138.0
				],
				null
			],
			[
				26100766.0,
				"_fC_RebuildLanguageList_Ch",
				[
					"",
					[
						"ru",
						"en",
						"de",
						"fr",
						"es"
					]
				],
				null
			],
			[
				26101529.0,
				"_fC_RescaleFonts_Ch",
				[
					138.0
				],
				null
			],
			[
				26129669.0,
				"_fC_RebuildLanguageList_Ch",
				[
					"",
					[
						"ru",
						"en",
						"de",
						"fr",
						"es"
					]
				],
				null
			],
			[
				26130397.0,
				"_fC_RescaleFonts_Ch",
				[
					138.0
				],
				null
			],
			[
				26148268.0,
				"_fC_RebuildLanguageList_Ch",
				[
					"",
					[
						"ru",
						"en",
						"de",
						"fr",
						"es"
					]
				],
				null
			],
			[
				26149670.0,
				"_fC_RescaleFonts_Ch",
				[
					138.0
				],
				null
			],
			[
				26174579.0,
				"_fC_RebuildLanguageList_Ch",
				[
					"",
					[
						"ru",
						"en",
						"de",
						"fr",
						"es"
					]
				],
				null
			],
			[
				26175308.0,
				"_fC_RescaleFonts_Ch",
				[
					138.0
				],
				null
			],
			[
				26409916.0,
				"_fC_RebuildLanguageList_Ch",
				[
					"",
					[
						"ru",
						"en",
						"de",
						"fr",
						"es"
					]
				],
				null
			],
			[
				26410647.0,
				"_fC_RescaleFonts_Ch",
				[
					138.0
				],
				null
			],
			[
				26426379.0,
				"_fC_RebuildLanguageList_Ch",
				[
					"",
					[
						"ru",
						"en",
						"de",
						"fr",
						"es"
					]
				],
				null
			],
			[
				26427106.0,
				"_fC_RescaleFonts_Ch",
				[
					138.0
				],
				null
			],
			[
				26445679.0,
				"_fC_RebuildLanguageList_Ch",
				[
					"",
					[
						"ru",
						"en",
						"de",
						"fr",
						"es"
					]
				],
				null
			],
			[
				26446403.0,
				"_fC_RescaleFonts_Ch",
				[
					138.0
				],
				null
			],
			[
				26463077.0,
				"_fC_RebuildLanguageList_Ch",
				[
					"",
					[
						"ru",
						"en",
						"de",
						"fr",
						"es"
					]
				],
				null
			],
			[
				26464553.0,
				"_fC_RescaleFonts_Ch",
				[
					138.0
				],
				null
			],
			[
				30925611.0,
				"_fC_OnServerConnected_Ch: подключено",
				[],
				null
			],
			[
				33492267.0,
				"Stream finished: StartProgram",
				[],
				null
			]
		]
	}
}